// Vitest Snapshot v1, https://vitest.dev/guide/snapshot.html

exports[`assertValid > with message="user-provided message" > should reject invalid datetimes 1`] = `[AssertionError: user-provided message: user-provided reason: user-provided explanation]`;

exports[`assertValid > with message="user-provided message" > should reject invalid durations 1`] = `[AssertionError: user-provided message: user-provided reason: user-provided explanation]`;

exports[`assertValid > with message="user-provided message" > should reject invalid intervals 1`] = `[AssertionError: user-provided message: user-provided reason: user-provided explanation]`;

exports[`assertValid > with message=undefined > should reject invalid datetimes 1`] = `[AssertionError: Invalid DateTime: user-provided reason: user-provided explanation]`;

exports[`assertValid > with message=undefined > should reject invalid durations 1`] = `[AssertionError: Invalid Duration: user-provided reason: user-provided explanation]`;

exports[`assertValid > with message=undefined > should reject invalid intervals 1`] = `[AssertionError: Invalid Interval: user-provided reason: user-provided explanation]`;

exports[`assertValidDateTimeFormat > should reject invalid format="''" 1`] = `[AssertionError: format="''" and options=undefined must make round-trip conversions]`;

exports[`assertValidDateTimeFormat > should reject invalid format="FF" 1`] = `[AssertionError: format="FF" and options=undefined must make round-trip conversions]`;
